[0m
[96mษออออออออออออออออออออออออออออออออออออออออออออออออออออออออออออออออออออออออออออออป[0m
[96mบ                                                                              บ[0m
[96mบ         [95m[1m ÛÛÛÛÛป ÛÛÛป   ÛÛปÛÛÛÛÛÛÛปÛÛÛÛÛÛÛÛปÛÛÛÛÛÛป ÛÛÛÛÛÛป ÛÛÛÛÛÛÛป[0m          [96mบ[0m
[96mบ         [95m[1mÛÛษออÛÛปÛÛÛÛป  ÛÛบÛÛษออออผศออÛÛษออผÛÛษออÛÛปÛÛษออÛÛปÛÛษออออผ[0m          [96mบ[0m
[96mบ         [95m[1mÛÛÛÛÛÛÛบÛÛษÛÛป ÛÛบÛÛÛÛÛป     ÛÛบ   ÛÛÛÛÛÛษผÛÛÛÛÛÛษผÛÛÛÛÛÛÛป[0m          [96mบ[0m
[96mบ         [95m[1mÛÛษออÛÛบÛÛบศÛÛปÛÛบÛÛษออผ     ÛÛบ   ÛÛษออÛÛปÛÛษออÛÛปศออออÛÛบ[0m          [96mบ[0m
[96mบ         [95m[1mÛÛบ  ÛÛบÛÛบ ศÛÛÛÛบÛÛÛÛÛÛÛป   ÛÛบ   ÛÛÛÛÛÛษผÛÛÛÛÛÛษผÛÛÛÛÛÛÛบ[0m          [96mบ[0m
[96mบ         [95m[1mศอผ  ศอผศอผ  ศอออผศออออออผ   ศอผ   ศอออออผ ศอออออผ ศออออออผ[0m          [96mบ[0m
[96mบ                                                         [93m[1m  v1.0.0   [0m          [96mบ[0m
[96mบ                                                                              บ[0m
[96mบ          [97mModern multi-protocol BBS for the FidoNet/Synchronet world[0m          [96mบ[0m
[96mบ                                                                              บ[0m
[96mบ     [36mWeb[90m ๚ [92mtelnet[90m ๚ [92mSSH[90m ๚ [92mrlogin[90m ๚ [93mMRC[90m ๚ [93mMSP[90m ๚ [95mBinkP[90m ๚ [95mQWK[90m ๚ [94mdoors[90m ๚ [94mANSI[0m     [96mบ[0m
[96mบ                                                                              บ[0m
[96mบ            [90mgithub.com/anetonline   (c) 2026 StingRay   a-net.fyi[0m             [96mบ[0m
[96mศออออออออออออออออออออออออออออออออออออออออออออออออออออออออออออออออออออออออออออออผ[0m

