[0m
[96m╔══════════════════════════════════════════════════════════════════════════════╗[0m
[96m║                                                                              ║[0m
[96m║         [95m[1m █████╗ ███╗   ██╗███████╗████████╗██████╗ ██████╗ ███████╗[0m          [96m║[0m
[96m║         [95m[1m██╔══██╗████╗  ██║██╔════╝╚══██╔══╝██╔══██╗██╔══██╗██╔════╝[0m          [96m║[0m
[96m║         [95m[1m███████║██╔██╗ ██║█████╗     ██║   ██████╔╝██████╔╝███████╗[0m          [96m║[0m
[96m║         [95m[1m██╔══██║██║╚██╗██║██╔══╝     ██║   ██╔══██╗██╔══██╗╚════██║[0m          [96m║[0m
[96m║         [95m[1m██║  ██║██║ ╚████║███████╗   ██║   ██████╔╝██████╔╝███████║[0m          [96m║[0m
[96m║         [95m[1m╚═╝  ╚═╝╚═╝  ╚═══╝╚══════╝   ╚═╝   ╚═════╝ ╚═════╝ ╚══════╝[0m          [96m║[0m
[96m║                                                         [93m[1m  v1.0.0   [0m          [96m║[0m
[96m║                                                                              ║[0m
[96m║          [97mModern multi-protocol BBS for the FidoNet/Synchronet world[0m          [96m║[0m
[96m║                                                                              ║[0m
[96m║     [36mWeb[90m · [92mtelnet[90m · [92mSSH[90m · [92mrlogin[90m · [93mMRC[90m · [93mMSP[90m · [95mBinkP[90m · [95mQWK[90m · [94mdoors[90m · [94mANSI[0m     [96m║[0m
[96m║                                                                              ║[0m
[96m║            [90mgithub.com/anetonline   (c) 2026 StingRay   a-net.fyi[0m             [96m║[0m
[96m╚══════════════════════════════════════════════════════════════════════════════╝[0m

