[2J[H[1;36mษอออออออออออออออออออออออออออออออออออออออออออออออออออออออออออออออออออออออออออออป[0m
[1;36mบ[0m[36mฐฐฐฐฐฐฐฐฐฐฐฐฐฐฐฐฐฐฐฐฐฐฐฐฐฐฐฐฐฐฐฐฐฐฐฐฐฐฐฐฐฐฐฐฐฐฐฐฐฐฐฐฐฐฐฐฐฐฐฐฐฐฐฐฐฐฐฐฐฐฐฐฐฐฐฐฐ[0m[1;36mบ[0m
[1;36mบ[0m                          [1;37mThanks for calling @BBS@![0m                          [1;36mบ[0m
[1;36mบ[0m[36mฐฐฐฐฐฐฐฐฐฐฐฐฐฐฐฐฐฐฐฐฐฐฐฐฐฐฐฐฐฐฐฐฐฐฐฐฐฐฐฐฐฐฐฐฐฐฐฐฐฐฐฐฐฐฐฐฐฐฐฐฐฐฐฐฐฐฐฐฐฐฐฐฐฐฐฐฐ[0m[1;36mบ[0m
[1;36mบ[0m                                                                             [1;36mบ[0m
[1;36mบ[0m  [32mWe hope to see you again soon.[0m                                             [1;36mบ[0m
[1;36mบ[0m                                                                             [1;36mบ[0m
[1;36mบ[0m  [36mYour sysop is [0m[96m@SYSOP@[0m[36m.[0m                                                     [1;36mบ[0m
[1;36mบ[0m                                                                             [1;36mบ[0m
[1;36mศอออออออออออออออออออออออออออออออออออออออออออออออออออออออออออออออออออออออออออออผ[0m
