[2J[H[1;36mษอออออออออออออออออออออออออออออออออออออออออออออออออออออออออออออออออออออออออออออป[0m
[1;36mบ[0m[36mฐฐฐฐฐฐฐฐฐฐฐฐฐฐฐฐฐฐฐฐฐฐฐฐฐฐฐฐฐฐฐฐฐฐฐฐฐฐฐฐฐฐฐฐฐฐฐฐฐฐฐฐฐฐฐฐฐฐฐฐฐฐฐฐฐฐฐฐฐฐฐฐฐฐฐฐฐ[0m[1;36mบ[0m
[1;36mบ[0m                             [1;37mWelcome, New User![0m                              [1;36mบ[0m
[1;36mบ[0m[36mฐฐฐฐฐฐฐฐฐฐฐฐฐฐฐฐฐฐฐฐฐฐฐฐฐฐฐฐฐฐฐฐฐฐฐฐฐฐฐฐฐฐฐฐฐฐฐฐฐฐฐฐฐฐฐฐฐฐฐฐฐฐฐฐฐฐฐฐฐฐฐฐฐฐฐฐฐ[0m[1;36mบ[0m
[1;36mบ[0m                                                                             [1;36mบ[0m
[1;36mบ[0m  [32mCreating your account on @BBS@ ...[0m                                         [1;36mบ[0m
[1;36mบ[0m                                                                             [1;36mบ[0m
[1;36mบ[0m  [36mPlease complete the registration steps below.[0m                              [1;36mบ[0m
[1;36mบ[0m                                                                             [1;36mบ[0m
[1;36mบ[0m  [36mYour sysop is [0m[96m@SYSOP@[0m[36m. Contact them for help.[0m                              [1;36mบ[0m
[1;36mบ[0m                                                                             [1;36mบ[0m
[1;36mศอออออออออออออออออออออออออออออออออออออออออออออออออออออออออออออออออออออออออออออผ[0m
