[0m[1;36mÜÜÜÜÜÜÜÜÜÜÜÜÜÜÜÜÜÜÜÜÜÜÜÜÜÜÜÜÜÜÜÜÜÜÜÜÜÜÜÜÜÜÜÜÜÜÜÜÜÜÜÜÜÜÜÜÜÜÜÜÜÜÜÜÜÜÜÜÜÜÜÜÜÜÜÜÜÜÜÜ[0m
[1;36mÜÜÜÜÜÜÜÜÜÜÜÜÜÜÜÜÜÜÜÜÜÜÜÜÜÜÜÜÜÜÜÜÜÜÜÜÜÜÜÜÜÜÜÜÜÜÜÜÜÜÜÜÜÜÜÜÜÜÜÜÜÜÜÜÜÜÜÜÜÜÜÜÜÜÜÜÜÜÜÜ[0m
[36m°°°°°°°°°°°°°°°°°°°°°  [1;37mWelcome, New User![0;36m  °°°°°°°°°°°°°°°°°°°°°°°°°°°°°°°°°°°°°[37m
[36m°°°°°°°°°°°°°°°°°°°°°°°°°°°°°°°°°°°°°°°°°°°°°°°°°°°°°°°°°°°°°°°°°°°°°°°°°°°°°°°°[37m
[36m°°°°°°°°°°°°°°°°°°°°°  [1;33mNew User Registration[0;36m  °°°°°°°°°°°°°°°°°°°°°°°°°°°°°°°°°°[37m
[36m°°°°°°°°°°°°°°°°°°°°°°°°°°°°°°°°°°°°°°°°°°°°°°°°°°°°°°°°°°°°°°°°°°°°°°°°°°°°°°°°[37m
[1;36mßßßßßßßßßßßßßßßßßßßßßßßßßßßßßßßßßßßßßßßßßßßßßßßßßßßßßßßßßßßßßßßßßßßßßßßßßßßßßßßß[0m
[1;36mßßßßßßßßßßßßßßßßßßßßßßßßßßßßßßßßßßßßßßßßßßßßßßßßßßßßßßßßßßßßßßßßßßßßßßßßßßßßßßßß[0m
 [32mCreating your account on [1;35m@BBS@[0;32m ...[37m


 [36mPlease complete the registration steps below.[37m

 [36mYour sysop is [1;37m@SYSOP@[0;36m. Contact them for help.[37m


 [1;36mNode: [37m@NODE@[0m   [1;36mTime: [37m@TIME@[0m

 [1;35m@VERSION@[0m
