[2J[H[1;36mษอออออออออออออออออออออออออออออออออออออออออออออออออออออออออออออออออออออออออออออป[0m
[1;36mบ[0m[36mฐฐฐฐฐฐฐฐฐฐฐฐฐฐฐฐฐฐฐฐฐฐฐฐฐฐฐฐฐฐฐฐฐฐฐฐฐฐฐฐฐฐฐฐฐฐฐฐฐฐฐฐฐฐฐฐฐฐฐฐฐฐฐฐฐฐฐฐฐฐฐฐฐฐฐฐฐ[0m[1;36mบ[0m
[1;36mบ[0m                              [1;37mWelcome to @BBS@[0m                               [1;36mบ[0m
[1;36mบ[0m[36mฐฐฐฐฐฐฐฐฐฐฐฐฐฐฐฐฐฐฐฐฐฐฐฐฐฐฐฐฐฐฐฐฐฐฐฐฐฐฐฐฐฐฐฐฐฐฐฐฐฐฐฐฐฐฐฐฐฐฐฐฐฐฐฐฐฐฐฐฐฐฐฐฐฐฐฐฐ[0m[1;36mบ[0m
[1;36mบ[0m                                                                             [1;36mบ[0m
[1;36mบ[0m  [36mA modern BBS for messages, files, doors, games and chat.[0m                   [1;36mบ[0m
[1;36mบ[0m                                                                             [1;36mบ[0m
[1;36mบ[0m  [1;36mSysop: [0m[96m@SYSOP@[0m                                                   [36mv@VERSION@[0m[1;36mบ[0m
[1;36mบ[0m                                                                             [1;36mบ[0m
[1;36mศอออออออออออออออออออออออออออออออออออออออออออออออออออออออออออออออออออออออออออออผ[0m
