[2J[H[1;36mÜÜÜÜÜÜÜÜÜÜÜÜÜÜÜÜÜÜÜÜÜÜÜÜÜÜÜÜÜÜÜÜÜÜÜÜÜÜÜÜÜÜÜÜÜÜÜÜÜÜÜÜÜÜÜÜÜÜÜÜÜÜÜÜÜÜÜÜÜÜÜÜÜÜÜÜÜÜÜÜÜÜÜÜÜÜÜÜÜÜÜÜÜÜÜÜÜÜÜÜÜÜÜÜÜÜÜÜÜÜÜÜÜÜÜÜÜÜÜÜÜÜÜÜÜÜÜÜÜÜÜ[0m
 [36m°°°°°°°°°°°°°°°°°°°°°°°°°°°°°°°°°°°°°°°°°°°°°°°°°°°°°°°°°°  [0m[1;37mANetBBS[0m[36m  °°°°°°°°°°°°°°°°°°°°°°°°°°°°°°°°°°°°°°°°°°°°°°°°°°°°°°°°°°°°[0m [0m
 [36m°°°°°°°°°°°°°°°°°°°°°°°°°°°°°°°°°°°°°°°°°°°°°°°°°°°°°°°°°°°°[0m[1;33mMAIN MENU[0m[36m°°°°°°°°°°°°°°°°°°°°°°°°°°°°°°°°°°°°°°°°°°°°°°°°°°°°°°°°°°°°[0m [0m
[1;36mßßßßßßßßßßßßßßßßßßßßßßßßßßßßßßßßßßßßßßßßßßßßßßßßßßßßßßßßßßßßßßßßßßßßßßßßßßßßßßßßßßßßßßßßßßßßßßßßßßßßßßßßßßßßßßßßßßßßßßßßßßßßßßßßßßß[0m
                                                                                                                                 
  [1;33m[M][0m [32mMessage Boards     [0m  [1;33m[E][0m [32mEchomail           [0m  [1;33m[F][0m [32mFile Library       [0m  [1;33m[G][0m [32mGame Center        [0m  [1;33m[H][0m [32mChat               [0m    
  [1;33m[B][0m [32mBulletins          [0m  [1;33m[C][0m [32mCompose Echomail   [0m  [1;33m[R][0m [32mRSS News Reader    [0m  [1;33m[U][0m [32mWho's Online       [0m  [1;33m[A][0m [32mPage Sysop         [0m    
  [1;33m[P][0m [32mPM Inbox           [0m  [1;33m[N][0m [32mNew PM             [0m  [1;33m[I][0m [32mInterBBS IM        [0m  [1;33m[J][0m [32mSend InterBBS      [0m  [1;33m[D][0m [32mDial Out           [0m    
  [1;33m[Y][0m [32mYour Profile       [0m  [1;33m[X][0m [32mEdit Profile       [0m  [1;33m[W][0m [32mChange Password    [0m  [1;33m[S][0m [32mSysop Tools        [0m  [1;33m[Q][0m [32mLogoff             [0m    
                                                                                                                                 
[36mÄÄÄÄÄÄÄÄÄÄÄÄÄÄÄÄÄÄÄÄÄÄÄÄÄÄÄÄÄÄÄÄÄÄÄÄÄÄÄÄÄÄÄÄÄÄÄÄÄÄÄÄÄÄÄÄÄÄÄÄÄÄÄÄÄÄÄÄÄÄÄÄÄÄÄÄÄÄÄÄÄÄÄÄÄÄÄÄÄÄÄÄÄÄÄÄÄÄÄÄÄÄÄÄÄÄÄÄÄÄÄÄÄÄÄÄÄÄÄÄÄÄÄÄÄÄÄÄÄÄÄ[0m
  [1;36mUser: [0m[96m@USER@[0m   [1;36mNode: [0m[96m@NODE@[0m   [1;36mTime: [0m[96m@TIME@[0m                                                         [1;35m@BBS@[0m  v[96m@VERSION@[0m  
[36mÜÜÜÜÜÜÜÜÜÜÜÜÜÜÜÜÜÜÜÜÜÜÜÜÜÜÜÜÜÜÜÜÜÜÜÜÜÜÜÜÜÜÜÜÜÜÜÜÜÜÜÜÜÜÜÜÜÜÜÜÜÜÜÜÜÜÜÜÜÜÜÜÜÜÜÜÜÜÜÜÜÜÜÜÜÜÜÜÜÜÜÜÜÜÜÜÜÜÜÜÜÜÜÜÜÜÜÜÜÜÜÜÜÜÜÜÜÜÜÜÜÜÜÜÜÜÜÜÜÜÜ[0m
